[REDACTED:private_key ...----]
then a key cut off by the capture limit:
[REDACTED:private_key_truncated ...fMkE]-wa46NcOteQfS7RCsf4jXsBfn2jPKOmiR7RfGCnS38_VUso
AeLlaUsEk1LRQ5X5DOt6LAMoJkcx8nesdJ_HW7Wt
retrying
{"type": "service_account", "private_key_id": [REDACTED ...904"], "private_key": [REDACTED ...Xn9
]