Vendor signatures, one per line, as tool output would show them.
aws access key [REDACTED:aws_access_key ...FSHS] and sts [REDACTED:aws_access_key ...AJJK]
aws_secret_access_key= [REDACTED ...r/z6]
AWS-Secret-Access-Key: [REDACTED ...hMP1]
github [REDACTED:github_token ...hylA] [REDACTED:github_token ...YGxf] [REDACTED:github_token ...qwka]
oauth [REDACTED:github_oauth ...4L2t] refresh [REDACTED:github_refresh ...Nof9] fine [REDACTED:github_fine_grained ...Lb2Q]
stripe [REDACTED:stripe_live ...jRbH] [REDACTED:stripe_test ...zTuq] [REDACTED:stripe_live ...qWOE]
twilio [REDACTED:twilio_api_key ...85f1] and [REDACTED:twilio_account_sid ...ceae]
digitalocean [REDACTED:digitalocean_token ...7e06]
SPACES_SECRET_KEY= [REDACTED ...12mZ]
sentry [REDACTED:sentry_dsn ...4016]
slack [REDACTED:slack_token ...9795] [REDACTED:slack_token ...gw4s]
sendgrid [REDACTED:sendgrid_key ...kNvG]
hubspot [REDACTED:hubspot_key ...a007]
jwt [REDACTED:jwt ...8xvM]
Authorization: Bearer [REDACTED:jwt ...cWL2]
authorization: [REDACTED ...CeOy]
Proxy-Authorization: [REDACTED ...IS7m]
anthropic [REDACTED:anthropic_key ...B-KL]
circleci [REDACTED:circleci_token ...RDjG] sentry user [REDACTED:sentry_user_token ...SyWB]
rubygems [REDACTED:rubygems_key ...YppS] newrelic [REDACTED:newrelic_key ...5X4W]
openai [REDACTED:openai_key ...iGMK] classic [REDACTED:openai_classic_key ...5tLG]
google [REDACTED:google_api_key ...N1Yn] v2 [REDACTED:google_api_key_v2 ...FzfM]
webhook [REDACTED:stripe_webhook_secret ...6SbG]
hf [REDACTED:huggingface_token ...SJKH] groq [REDACTED:groq_key ...64uv] openrouter [REDACTED:openrouter_key ...4811]
xai [REDACTED:xai_key ...cEG3] pplx [REDACTED:perplexity_key ...IooA] tavily [REDACTED:tavily_key ...dT14]
langsmith [REDACTED:langsmith_key ...o8JG]
gitlab [REDACTED:gitlab_pat ...crv4] npm [REDACTED:npm_token ...Wh4J] pypi [REDACTED:pypi_token ...M_8P]
slack hook [REDACTED:slack_webhook ...AAos]
db [REDACTED:database_url ...uire]
db [REDACTED:database_url .../app]
db [REDACTED:database_url ...6380]
any [REDACTED:credentialed_url ...maps]
two on one line: [REDACTED:github_token ...0M5U] then [REDACTED:aws_access_key ...4MS4].
